{"level":"error","datetime":"2025-03-02T07:18:11.800Z","message":"get_profile response","data":{"s":"error","code":-17,"message":"Could not authenticate the user"},"functionName":"get_profile"}
{"level":"error","datetime":"2025-03-02T07:20:46.543Z","message":"get_profile response","data":{"s":"error","code":-17,"message":"Could not authenticate the user"},"functionName":"get_profile"}
{"level":"error","datetime":"2025-03-02T07:21:24.285Z","message":"get_profile response","data":{"s":"error","code":-17,"message":"Could not authenticate the user"},"functionName":"get_profile"}
{"level":"error","datetime":"2025-03-02T07:21:45.334Z","message":"get_profile response","data":{"s":"error","code":-17,"message":"Could not authenticate the user"},"functionName":"get_profile"}
{"level":"error","datetime":"2025-03-02T07:25:37.763Z","message":"get_profile response","data":{"s":"error","code":-17,"message":"Could not authenticate the user"},"functionName":"get_profile"}
{"level":"error","datetime":"2025-03-02T07:28:19.265Z","message":"get_profile response","data":{"s":"error","code":-17,"message":"Could not authenticate the user"},"functionName":"get_profile"}
{"level":"error","datetime":"2025-03-02T07:30:00.759Z","message":"get_profile response","data":{"s":"error","code":-17,"message":"Could not authenticate the user"},"functionName":"get_profile"}
{"level":"error","datetime":"2025-03-02T07:30:17.860Z","message":"get_profile response","data":{"s":"error","code":-17,"message":"Could not authenticate the user"},"functionName":"get_profile"}
{"level":"error","datetime":"2025-03-02T07:30:55.900Z","message":"get_profile response","data":{"s":"error","code":-17,"message":"Could not authenticate the user"},"functionName":"get_profile"}
{"level":"error","datetime":"2025-03-02T07:30:59.573Z","message":"get_profile response","data":{"s":"error","code":-17,"message":"Could not authenticate the user"},"functionName":"get_profile"}
{"level":"debug","datetime":"2025-03-02T07:31:42.175Z","message":"generate authcode response","data":"https://api.fyers.in/api/v2generate-authcode?client_id=null&redirect_uri=null&response_type=code&state=sample_state","functionName":"generateAuthCode"}
{"level":"error","datetime":"2025-03-02T07:31:42.602Z","message":"get_profile response","data":{"s":"error","code":-17,"message":"Could not authenticate the user"},"functionName":"get_profile"}
{"level":"debug","datetime":"2025-03-02T07:34:15.386Z","message":"generate authcode response","data":"https://api.fyers.in/api/v2generate-authcode?client_id=Z0HUY8E6FI-100&redirect_uri=https://127.0.0.1&response_type=code&state=sample_state","functionName":"generateAuthCode"}
{"level":"debug","datetime":"2025-03-02T07:38:19.972Z","message":"generate_access_token inputs","data":{"code_verifier":"","auth_code":"eyJ0eXAiOiJKV1QiLCJhbGciOiJIUzI1NiJ9.eyJpc3MiOiJhcGkubG9naW4uZnllcnMuaW4iLCJpYXQiOjE3NDA5MDA5NTIsImV4cCI6MTc0MDkzMDk1MiwibmJmIjoxNzQwOTAwMzUyLCJhdWQiOiJbXCJ4OjBcIiwgXCJ4OjFcIiwgXCJ4OjJcIiwgXCJkOjFcIiwgXCJkOjJcIiwgXCJ4OjFcIiwgXCJ4OjBcIiwgXCJ4OjFcIiwgXCJ4OjBcIl0iLCJzdWIiOiJhdXRoX2NvZGUiLCJkaXNwbGF5X25hbWUiOiJYUzA4NjQ3Iiwib21zIjoiSzEiLCJoc21fa2V5IjoiMDA0NWMxYTcwNTE5MjdjOGM3MDU1YzViMzFhMzdjZGU4YmJhYTg1MjQ4OTY4ZjZjN2IzYWZiZWQiLCJpc0RkcGlFbmFibGVkIjoiTiIsImlzTXRmRW5hYmxlZCI6Ik4iLCJub25jZSI6IiIsImFwcF9pZCI6IlowSFVZOEU2RkkiLCJ1dWlkIjoiY2UwYjRmMDhmODgyNGE4ZjllMmYyYzE1MDVjNGNkMjQiLCJpcEFkZHIiOiIwLjAuMC4wIiwic2NvcGUiOiIifQ.FOSMqW4GFErhT9SC4Zx6y2zBEWo6wSrKpR-0_jSriA0","client_id":"xxx-1xx","secret_key":"6E1UFZ1TWU","sha256":"37d9a3af5213e1bb4f31d65a9e220c684e4b658930ae92e134dde21987fe7f76"},"functionName":"generateAuthCode"}
{"level":"error","datetime":"2025-03-02T07:38:20.498Z","message":"error generating access token","data":{"s":"error","code":-371,"message":"Please provide sha256 hash of appId and app secret"},"functionName":"generateAuthCode"}
{"level":"debug","datetime":"2025-03-02T07:38:40.407Z","message":"generate_access_token inputs","data":{"code_verifier":"","auth_code":"eyJ0eXAiOiJKV1QiLCJhbGciOiJIUzI1NiJ9.eyJpc3MiOiJhcGkubG9naW4uZnllcnMuaW4iLCJpYXQiOjE3NDA5MDA5NTIsImV4cCI6MTc0MDkzMDk1MiwibmJmIjoxNzQwOTAwMzUyLCJhdWQiOiJbXCJ4OjBcIiwgXCJ4OjFcIiwgXCJ4OjJcIiwgXCJkOjFcIiwgXCJkOjJcIiwgXCJ4OjFcIiwgXCJ4OjBcIiwgXCJ4OjFcIiwgXCJ4OjBcIl0iLCJzdWIiOiJhdXRoX2NvZGUiLCJkaXNwbGF5X25hbWUiOiJYUzA4NjQ3Iiwib21zIjoiSzEiLCJoc21fa2V5IjoiMDA0NWMxYTcwNTE5MjdjOGM3MDU1YzViMzFhMzdjZGU4YmJhYTg1MjQ4OTY4ZjZjN2IzYWZiZWQiLCJpc0RkcGlFbmFibGVkIjoiTiIsImlzTXRmRW5hYmxlZCI6Ik4iLCJub25jZSI6IiIsImFwcF9pZCI6IlowSFVZOEU2RkkiLCJ1dWlkIjoiY2UwYjRmMDhmODgyNGE4ZjllMmYyYzE1MDVjNGNkMjQiLCJpcEFkZHIiOiIwLjAuMC4wIiwic2NvcGUiOiIifQ.FOSMqW4GFErhT9SC4Zx6y2zBEWo6wSrKpR-0_jSriA0","client_id":"Z0HUY8E6FI-100","secret_key":"6E1UFZ1TWU","sha256":"05aca323fd6e3838f33ee93754a6e0393291b2f2f76ec599f4afa37161b47bd6"},"functionName":"generateAuthCode"}
{"level":"debug","datetime":"2025-03-02T07:40:55.708Z","message":"get_profile response","data":{"s":"ok","code":200,"message":"","data":{"fy_id":"XS08647","name":"SHANTANU VIJAYRAO BORGAMWAR","image":null,"display_name":null,"pin_change_date":"02-04-2022 17:32:41","email_id":"Shantanuborgamwar@gmail.com","pwd_change_date":"02-04-2022 17:32:24","PAN":"---------","mobile_number":"7387911579","totp":true,"pwd_to_expire":-914,"ddpi_enabled":false,"mtf_enabled":false}},"functionName":"get_profile"}
{"level":"debug","datetime":"2025-03-02T07:44:05.061Z","message":"get_orders response","data":{"code":200,"message":"","s":"ok","orderBook":[]},"functionName":"get_orders"}
{"level":"debug","datetime":"2025-03-02T08:05:45.890Z","message":"generate authcode response","data":"https://api.fyers.in/api/v2generate-authcode?client_id=Z0HUY8E6FI-100&redirect_uri=https://127.0.0.1&response_type=code&state=sample_state","functionName":"generateAuthCode"}
{"level":"debug","datetime":"2025-03-02T08:05:45.895Z","message":"generate_access_token inputs","data":{"code_verifier":"","auth_code":"","client_id":"Z0HUY8E6FI-100","secret_key":"","sha256":"f53700f575af0619eb7cd2dfe578d35ad98bf44ee4a1ebb4e1ae78e37a5f30c4"},"functionName":"generateAuthCode"}
{"level":"error","datetime":"2025-03-02T08:05:46.255Z","message":"get_orders response","data":{"code":-16,"message":"Please provide AppId with access token","s":"error"},"functionName":"get_orders"}
{"level":"error","datetime":"2025-03-02T08:05:46.337Z","message":"error generating access token","data":{"s":"error","code":-374,"message":"Please provide authorization code."},"functionName":"generateAuthCode"}
{"level":"debug","datetime":"2025-03-02T08:06:10.699Z","message":"generate_access_token inputs","data":{"code_verifier":"","auth_code":"","client_id":"Z0HUY8E6FI-100","secret_key":"","sha256":"f53700f575af0619eb7cd2dfe578d35ad98bf44ee4a1ebb4e1ae78e37a5f30c4"},"functionName":"generateAuthCode"}
{"level":"error","datetime":"2025-03-02T08:06:11.110Z","message":"error generating access token","data":{"s":"error","code":-374,"message":"Please provide authorization code."},"functionName":"generateAuthCode"}
{"level":"error","datetime":"2025-03-02T08:06:11.136Z","message":"get_orders response","data":{"code":-16,"message":"Please provide AppId with access token","s":"error"},"functionName":"get_orders"}
{"level":"debug","datetime":"2025-03-02T08:06:30.663Z","message":"generate_access_token inputs","data":{"code_verifier":"","auth_code":"","client_id":"Z0HUY8E6FI-100","secret_key":"","sha256":"f53700f575af0619eb7cd2dfe578d35ad98bf44ee4a1ebb4e1ae78e37a5f30c4"},"functionName":"generateAuthCode"}
{"level":"error","datetime":"2025-03-02T08:06:31.023Z","message":"get_orders response","data":{"code":-16,"message":"Please provide AppId with access token","s":"error"},"functionName":"get_orders"}
{"level":"error","datetime":"2025-03-02T08:06:31.029Z","message":"error generating access token","data":{"s":"error","code":-374,"message":"Please provide authorization code."},"functionName":"generateAuthCode"}
{"level":"debug","datetime":"2025-03-02T08:07:07.425Z","message":"generate_access_token inputs","data":{"code_verifier":"","auth_code":"","client_id":"Z0HUY8E6FI-100","secret_key":"","sha256":"f53700f575af0619eb7cd2dfe578d35ad98bf44ee4a1ebb4e1ae78e37a5f30c4"},"functionName":"generateAuthCode"}
{"level":"error","datetime":"2025-03-02T08:07:07.818Z","message":"get_orders response","data":{"code":-16,"message":"Please provide AppId with access token","s":"error"},"functionName":"get_orders"}
{"level":"error","datetime":"2025-03-02T08:07:07.843Z","message":"error generating access token","data":{"s":"error","code":-374,"message":"Please provide authorization code."},"functionName":"generateAuthCode"}
{"level":"debug","datetime":"2025-03-02T08:07:19.427Z","message":"generate_access_token inputs","data":{"code_verifier":"","auth_code":"","client_id":"Z0HUY8E6FI-100","secret_key":"","sha256":"f53700f575af0619eb7cd2dfe578d35ad98bf44ee4a1ebb4e1ae78e37a5f30c4"},"functionName":"generateAuthCode"}
{"level":"error","datetime":"2025-03-02T08:07:19.952Z","message":"error generating access token","data":{"s":"error","code":-374,"message":"Please provide authorization code."},"functionName":"generateAuthCode"}
{"level":"error","datetime":"2025-03-02T08:07:19.959Z","message":"get_orders response","data":{"code":-16,"message":"Please provide AppId with access token","s":"error"},"functionName":"get_orders"}
{"level":"debug","datetime":"2025-03-02T08:08:38.741Z","message":"generate_access_token inputs","data":{"code_verifier":"","auth_code":"","client_id":"Z0HUY8E6FI-100","secret_key":"","sha256":"f53700f575af0619eb7cd2dfe578d35ad98bf44ee4a1ebb4e1ae78e37a5f30c4"},"functionName":"generateAuthCode"}
{"level":"error","datetime":"2025-03-02T08:08:39.220Z","message":"error generating access token","data":{"s":"error","code":-374,"message":"Please provide authorization code."},"functionName":"generateAuthCode"}
{"level":"error","datetime":"2025-03-02T08:08:39.225Z","message":"get_orders response","data":{"code":-16,"message":"Please provide AppId with access token","s":"error"},"functionName":"get_orders"}
{"level":"debug","datetime":"2025-03-02T08:09:06.012Z","message":"generate_access_token inputs","data":{"code_verifier":"","auth_code":"","client_id":"Z0HUY8E6FI-100","secret_key":"","sha256":"f53700f575af0619eb7cd2dfe578d35ad98bf44ee4a1ebb4e1ae78e37a5f30c4"},"functionName":"generateAuthCode"}
{"level":"error","datetime":"2025-03-02T08:09:06.427Z","message":"error generating access token","data":{"s":"error","code":-374,"message":"Please provide authorization code."},"functionName":"generateAuthCode"}
{"level":"error","datetime":"2025-03-02T08:09:06.464Z","message":"get_orders response","data":{"code":-16,"message":"Please provide AppId with access token","s":"error"},"functionName":"get_orders"}
{"level":"debug","datetime":"2025-03-02T08:10:32.528Z","message":"generate_access_token inputs","data":{"code_verifier":"","auth_code":"","client_id":"Z0HUY8E6FI-100","secret_key":"","sha256":"f53700f575af0619eb7cd2dfe578d35ad98bf44ee4a1ebb4e1ae78e37a5f30c4"},"functionName":"generateAuthCode"}
{"level":"error","datetime":"2025-03-02T08:10:32.784Z","message":"get_orders response","data":{"code":-16,"message":"Please provide AppId with access token","s":"error"},"functionName":"get_orders"}
{"level":"error","datetime":"2025-03-02T08:10:32.787Z","message":"error generating access token","data":{"s":"error","code":-374,"message":"Please provide authorization code."},"functionName":"generateAuthCode"}
